// Vitest Snapshot v1, https://vitest.dev/guide/snapshot.html

exports[`esbuild 1`] = `
"// tests/fixtures/main.js
var platform = "darwin";
console.log('hello "darwin"', platform);
console.log(DEV);
export {
  platform
};
"
`;
