// Vitest Snapshot v1, https://vitest.dev/guide/snapshot.html

exports[`rolldown 1`] = `
"import { default as process } from "node:process";

//#region tests/fixtures/main.js
const platform = 'darwin';
console.log('hello "darwin"', platform);
console.log(DEV);

//#endregion
export { platform };"
`;
