// Vitest Snapshot v1, https://vitest.dev/guide/snapshot.html

exports[`vite 1`] = `
"import "node:process";
const platform = "darwin";
console.log('hello "darwin"', platform);
console.log(DEV);
"
`;
